наччало работы 

u18@u18-VirtualBox:~$ ssh kolea@192.168.1.23
kolea@192.168.1.23's password: 
Welcome to Ubuntu 22.04.4 LTS (GNU/Linux 5.15.0-136-generic x86_64)

 * Documentation:  https://help.ubuntu.com
 * Management:     https://landscape.canonical.com
 * Support:        https://ubuntu.com/pro

  System information as of Пт 02 мая 2025 05:34:00 UTC

  System load:  0.07177734375      Users logged in:          1
  Usage of /:   63.3% of 11.21GB   IPv4 address for docker0: 172.17.0.1
  Memory usage: 7%                 IPv4 address for enp0s3:  10.0.2.15
  Swap usage:   0%                 IPv4 address for enp0s8:  192.168.1.23
  Processes:    148

 * Strictly confined Kubernetes makes edge and IoT secure. Learn how MicroK8s
   just raised the bar for easy, resilient and secure K8s cluster deployment.

   https://ubuntu.com/engage/secure-kubernetes-at-the-edge

Расширенное поддержание безопасности (ESM) для Applications выключено.

0 обновлений может быть применено немедленно.

Включите ESM Apps для получения дополнительных будущих обновлений безопасности.
Смотрите https://ubuntu.com/esm или выполните: sudo pro status


The list of available updates is more than a week old.
To check for new updates run: sudo apt update
New release '24.04.2 LTS' available.
Run 'do-release-upgrade' to upgrade to it.


Last login: Fri May  2 05:32:46 2025
kolea@kolea:~$ ls
script
kolea@kolea:~$ sudo fdisk -l
[sudo] password for kolea: 
Disk /dev/loop0: 63,91 MiB, 67014656 bytes, 130888 sectors
Units: sectors of 1 * 512 = 512 bytes
Sector size (logical/physical): 512 bytes / 512 bytes
I/O size (minimum/optimal): 512 bytes / 512 bytes


Disk /dev/loop1: 63,75 MiB, 66850816 bytes, 130568 sectors
Units: sectors of 1 * 512 = 512 bytes
Sector size (logical/physical): 512 bytes / 512 bytes
I/O size (minimum/optimal): 512 bytes / 512 bytes


Disk /dev/loop2: 86,99 MiB, 91213824 bytes, 178152 sectors
Units: sectors of 1 * 512 = 512 bytes
Sector size (logical/physical): 512 bytes / 512 bytes
I/O size (minimum/optimal): 512 bytes / 512 bytes


Disk /dev/loop3: 89,4 MiB, 93745152 bytes, 183096 sectors
Units: sectors of 1 * 512 = 512 bytes
Sector size (logical/physical): 512 bytes / 512 bytes
I/O size (minimum/optimal): 512 bytes / 512 bytes


Disk /dev/loop4: 40,43 MiB, 42393600 bytes, 82800 sectors
Units: sectors of 1 * 512 = 512 bytes
Sector size (logical/physical): 512 bytes / 512 bytes
I/O size (minimum/optimal): 512 bytes / 512 bytes


Disk /dev/loop5: 50,89 MiB, 53366784 bytes, 104232 sectors
Units: sectors of 1 * 512 = 512 bytes
Sector size (logical/physical): 512 bytes / 512 bytes
I/O size (minimum/optimal): 512 bytes / 512 bytes


Disk /dev/sda: 25 GiB, 26843545600 bytes, 52428800 sectors
Disk model: VBOX HARDDISK   
Units: sectors of 1 * 512 = 512 bytes
Sector size (logical/physical): 512 bytes / 512 bytes
I/O size (minimum/optimal): 512 bytes / 512 bytes
Disklabel type: gpt
Disk identifier: 4DB0F942-9E68-4462-AE38-49A2575EF557

Device       Start      End  Sectors Size Type
/dev/sda1     2048     4095     2048   1M BIOS boot
/dev/sda2     4096  4198399  4194304   2G Linux filesystem
/dev/sda3  4198400 52426751 48228352  23G Linux filesystem


Disk /dev/sdb: 5 GiB, 5368709120 bytes, 10485760 sectors
Disk model: VBOX HARDDISK   
Units: sectors of 1 * 512 = 512 bytes
Sector size (logical/physical): 512 bytes / 512 bytes
I/O size (minimum/optimal): 512 bytes / 512 bytes


Disk /dev/sdc: 5 GiB, 5368709120 bytes, 10485760 sectors
Disk model: VBOX HARDDISK   
Units: sectors of 1 * 512 = 512 bytes
Sector size (logical/physical): 512 bytes / 512 bytes
I/O size (minimum/optimal): 512 bytes / 512 bytes


Disk /dev/sdd: 5 GiB, 5368709120 bytes, 10485760 sectors
Disk model: VBOX HARDDISK   
Units: sectors of 1 * 512 = 512 bytes
Sector size (logical/physical): 512 bytes / 512 bytes
I/O size (minimum/optimal): 512 bytes / 512 bytes


Disk /dev/mapper/ubuntu--vg-ubuntu--lv: 11,5 GiB, 12343836672 bytes, 24109056 sectors
Units: sectors of 1 * 512 = 512 bytes
Sector size (logical/physical): 512 bytes / 512 bytes
I/O size (minimum/optimal): 512 bytes / 512 bytes
kolea@kolea:~$ sudo fdisk /dev/sdb

Welcome to fdisk (util-linux 2.37.2).
Changes will remain in memory only, until you decide to write them.
Be careful before using the write command.

Device does not contain a recognized partition table.
Created a new DOS disklabel with disk identifier 0x782a05c0.

Command (m for help): m

Help:

  DOS (MBR)
   a   toggle a bootable flag
   b   edit nested BSD disklabel
   c   toggle the dos compatibility flag

  Generic
   d   delete a partition
   F   list free unpartitioned space
   l   list known partition types
   n   add a new partition
   p   print the partition table
   t   change a partition type
   v   verify the partition table
   i   print information about a partition

  Misc
   m   print this menu
   u   change display/entry units
   x   extra functionality (experts only)

  Script
   I   load disk layout from sfdisk script file
   O   dump disk layout to sfdisk script file

  Save & Exit
   w   write table to disk and exit
   q   quit without saving changes

  Create a new label
   g   create a new empty GPT partition table
   G   create a new empty SGI (IRIX) partition table
   o   create a new empty DOS partition table
   s   create a new empty Sun partition table


Command (m for help): n
Partition type
   p   primary (0 primary, 0 extended, 4 free)
   e   extended (container for logical partitions)
Select (default p): p
Partition number (1-4, default 1): 
First sector (2048-10485759, default 2048): 
Last sector, +/-sectors or +/-size{K,M,G,T,P} (2048-10485759, default 10485759): +1G

Created a new partition 1 of type 'Linux' and of size 1 GiB.
Command (m for help): n
Partition type
   p   primary (1 primary, 0 extended, 3 free)
   e   extended (container for logical partitions)
Select (default p): 

Using default response p.
Partition number (2-4, default 2): 
Command (m for help): n
Partition type
   p   primary (1 primary, 0 extended, 3 free)
   e   extended (container for logical partitions)
Select (default p): e
Partition number (2-4, default 2): 
First sector (2099200-10485759, default 2099200): 
Last sector, +/-sectors or +/-size{K,M,G,T,P} (2099200-10485759, default 10485759): +1,5G

Created a new partition 2 of type 'Extended' and of size 1,5 GiB.

Command (m for help): n
Partition type
   p   primary (1 primary, 1 extended, 2 free)
   l   logical (numbered from 5)
Select (default p): l

Adding logical partition 5
First sector (2101248-5244927, default 2101248): 
Last sector, +/-sectors or +/-size{K,M,G,T,P} (2101248-5244927, default 5244927): +1G

Created a new partition 5 of type 'Linux' and of size 1 GiB.

Command (m for help): n
Partition type
   p   primary (1 primary, 1 extended, 2 free)
   l   logical (numbered from 5)
Select (default p): l

Adding logical partition 6
First sector (4200448-5244927, default 4200448): 
Last sector, +/-sectors or +/-size{K,M,G,T,P} (4200448-5244927, default 5244927): 

Created a new partition 6 of type 'Linux' and of size 510 MiB.

Command (m for help): n
Partition type
   p   primary (1 primary, 1 extended, 2 free)
   l   logical (numbered from 5)
Select (default p): p
Partition number (3,4, default 3): 
First sector (5244928-10485759, default 5244928): 
Last sector, +/-sectors or +/-size{K,M,G,T,P} (5244928-10485759, default 10485759): 

Created a new partition 3 of type 'Linux' and of size 2,5 GiB.

Command (m for help): t
Partition number (1-3,5,6, default 6): 5
Hex code or alias (type L to list all): 07

Changed type of partition 'Linux' to 'HPFS/NTFS/exFAT'.

Command (m for help): t
Partition number (1-3,5,6, default 6): 3
Hex code or alias (type L to list all): 82

Changed type of partition 'Linux' to 'Linux swap / Solaris'.

Command (m for help): w
The partition table has been altered.
Calling ioctl() to re-read partition table.
Syncing disks.

kolea@kolea:~$ sudo fdisk -l
Disk /dev/loop0: 63,91 MiB, 67014656 bytes, 130888 sectors
Units: sectors of 1 * 512 = 512 bytes
Sector size (logical/physical): 512 bytes / 512 bytes
I/O size (minimum/optimal): 512 bytes / 512 bytes


Disk /dev/loop1: 63,75 MiB, 66850816 bytes, 130568 sectors
Units: sectors of 1 * 512 = 512 bytes
Sector size (logical/physical): 512 bytes / 512 bytes
I/O size (minimum/optimal): 512 bytes / 512 bytes


Disk /dev/loop2: 86,99 MiB, 91213824 bytes, 178152 sectors
Units: sectors of 1 * 512 = 512 bytes
Sector size (logical/physical): 512 bytes / 512 bytes
I/O size (minimum/optimal): 512 bytes / 512 bytes


Disk /dev/loop3: 89,4 MiB, 93745152 bytes, 183096 sectors
Units: sectors of 1 * 512 = 512 bytes
Sector size (logical/physical): 512 bytes / 512 bytes
I/O size (minimum/optimal): 512 bytes / 512 bytes


Disk /dev/loop4: 40,43 MiB, 42393600 bytes, 82800 sectors
Units: sectors of 1 * 512 = 512 bytes
Sector size (logical/physical): 512 bytes / 512 bytes
I/O size (minimum/optimal): 512 bytes / 512 bytes


Disk /dev/loop5: 50,89 MiB, 53366784 bytes, 104232 sectors
Units: sectors of 1 * 512 = 512 bytes
Sector size (logical/physical): 512 bytes / 512 bytes
I/O size (minimum/optimal): 512 bytes / 512 bytes


Disk /dev/sda: 25 GiB, 26843545600 bytes, 52428800 sectors
Disk model: VBOX HARDDISK   
Units: sectors of 1 * 512 = 512 bytes
Sector size (logical/physical): 512 bytes / 512 bytes
I/O size (minimum/optimal): 512 bytes / 512 bytes
Disklabel type: gpt
Disk identifier: 4DB0F942-9E68-4462-AE38-49A2575EF557

Device       Start      End  Sectors Size Type
/dev/sda1     2048     4095     2048   1M BIOS boot
/dev/sda2     4096  4198399  4194304   2G Linux filesystem
/dev/sda3  4198400 52426751 48228352  23G Linux filesystem


Disk /dev/sdb: 5 GiB, 5368709120 bytes, 10485760 sectors
Disk model: VBOX HARDDISK   
Units: sectors of 1 * 512 = 512 bytes
Sector size (logical/physical): 512 bytes / 512 bytes
I/O size (minimum/optimal): 512 bytes / 512 bytes
Disklabel type: dos
Disk identifier: 0x782a05c0

Device     Boot   Start      End Sectors  Size Id Type
/dev/sdb1          2048  2099199 2097152    1G 83 Linux
/dev/sdb2       2099200  5244927 3145728  1,5G  5 Extended
/dev/sdb3       5244928 10485759 5240832  2,5G 82 Linux swap / Solaris
/dev/sdb5       2101248  4198399 2097152    1G  7 HPFS/NTFS/exFAT
/dev/sdb6       4200448  5244927 1044480  510M 83 Linux

Partition table entries are not in disk order.


Disk /dev/sdc: 5 GiB, 5368709120 bytes, 10485760 sectors
Disk model: VBOX HARDDISK   
Units: sectors of 1 * 512 = 512 bytes
Sector size (logical/physical): 512 bytes / 512 bytes
I/O size (minimum/optimal): 512 bytes / 512 bytes


Disk /dev/sdd: 5 GiB, 5368709120 bytes, 10485760 sectors
Disk model: VBOX HARDDISK   
Units: sectors of 1 * 512 = 512 bytes
Sector size (logical/physical): 512 bytes / 512 bytes
I/O size (minimum/optimal): 512 bytes / 512 bytes


Disk /dev/mapper/ubuntu--vg-ubuntu--lv: 11,5 GiB, 12343836672 bytes, 24109056 sectors
Units: sectors of 1 * 512 = 512 bytes
Sector size (logical/physical): 512 bytes / 512 bytes
I/O size (minimum/optimal): 512 bytes / 512 bytes
kolea@kolea:~$ sudo mkfs.ext4 /dev/sdb1
mke2fs 1.46.5 (30-Dec-2021)
Creating filesystem with 262144 4k blocks and 65536 inodes
Filesystem UUID: 3cf77558-050e-4fd3-889c-1ab29ac03aca
Superblock backups stored on blocks: 
	32768, 98304, 163840, 229376

Allocating group tables: done                            
Writing inode tables: done                            
Creating journal (8192 blocks): done
Writing superblocks and filesystem accounting information: done

kolea@kolea:~$ sudo mkfs.ntfs /dev/sdb5
Cluster size has been automatically set to 4096 bytes.
Initializing device with zeroes: 100% - Done.
Creating NTFS volume structures.
mkntfs completed successfully. Have a nice day.
kolea@kolea:~$ sudo mkfs.ext4 /dev/sdb6
mke2fs 1.46.5 (30-Dec-2021)
Creating filesystem with 130560 4k blocks and 130560 inodes
Filesystem UUID: 18f4e1f2-ec2f-4d3b-b5ef-298c6bd500e5
Superblock backups stored on blocks: 
	32768, 98304

Allocating group tables: done                            
Writing inode tables: done                            
Creating journal (4096 blocks): done
Writing superblocks and filesystem accounting information: done

kolea@kolea:/media$ sudo mkdir disk1
kolea@kolea:/media$ sudo mkdir disk5
kolea@kolea:/media$ sudo mkdir disk6
kolea@kolea:/media$ sudo mount /dev/sdb1 disk1
kolea@kolea:/media$ sudo mount /dev/sdb5 disk5
kolea@kolea:/media$ sudo mount /dev/sdb6 disk6
kolea@kolea:/$ cd media/
kolea@kolea:/media$ ls
disk1  disk5  disk6

kolea@kolea:/media/disk1$ ls
lost+found
klea@kolea:/media/disk1$ sudo mkdir d1
kolea@kolea:/media/disk1$ sudo mkdir d2
kolea@kolea:/media/disk1$ sudo touch f1
kolea@kolea:/media/disk1$ ls -l
total 24
drwxr-xr-x 2 root root  4096 мая  2 06:19 d1
drwxr-xr-x 2 root root  4096 мая  2 06:19 d2
-rw-r--r-- 1 root root     0 мая  2 06:19 f1
drwx------ 2 root root 16384 мая  2 05:41 lost+found
kolea@kolea:/media/disk1$ sudo chown kolea:kolea d1
kolea@kolea:/media/disk1$ sudo chown kolea:kolea f1
kolea@kolea:/media/disk1$ echo "wollo horld" > f1
kolea@kolea:/media/disk1$ cat f1
wollo horld
kolea@kolea:/media/disk1$ ls -l
total 28
drwxr-xr-x 2 kolea kolea  4096 мая  2 06:19 d1
drwxr-xr-x 2 root  root   4096 мая  2 06:19 d2
-rw-r--r-- 1 kolea kolea    12 мая  2 06:24 f1
drwx------ 2 root  root  16384 мая  2 05:41 lost+found
kolea@kolea:/media/disk1$ 

kolea@kolea:/media/disk1$ cd ..
kolea@kolea:/media$ cd disk5
kolea@kolea:/media/disk5$ sudo mkdir d1
kolea@kolea:/media/disk5$ sudo mkdir d2
kolea@kolea:/media/disk5$ sudo touch f1
kolea@kolea:/media/disk5$ ls -l
total 0
drwxrwxrwx 1 root root 0 мая  2 06:25 d1
drwxrwxrwx 1 root root 0 мая  2 06:25 d2
-rwxrwxrwx 1 root root 0 мая  2 06:25 f1
kolea@kolea:/media/disk5$ stat d1
  File: d1
  Size: 0         	Blocks: 0          IO Block: 4096   directory
Device: 815h/2069d	Inode: 64          Links: 1
Access: (0777/drwxrwxrwx)  Uid: (    0/    root)   Gid: (    0/    root)
Access: 2025-05-02 06:25:31.707130400 +0000
Modify: 2025-05-02 06:25:31.707130400 +0000
Change: 2025-05-02 06:25:31.707130400 +0000
 Birth: -
kolea@kolea:/media/disk5$ sudo chown kolea:kolea d1
kolea@kolea:/media/disk5$ stat d1
  File: d1
  Size: 0         	Blocks: 0          IO Block: 4096   directory
Device: 815h/2069d	Inode: 64          Links: 1
Access: (0777/drwxrwxrwx)  Uid: (    0/    root)   Gid: (    0/    root)
Access: 2025-05-02 06:25:31.707130400 +0000
Modify: 2025-05-02 06:25:31.707130400 +0000
Change: 2025-05-02 06:25:31.707130400 +0000
 Birth: -


Этапы выполнения работы 
1. Перед запуском сервера, добовляем ему несколько новых дисков для работы сними
2. Запускаем сервер и проверяем наличие дисков через команду sudo fdisk -l
3. Запускаем программу fdisk и размечаем новые разделы дисков в нужных файловых чичтемах
4. Создаем дериктории к которым будем монтировать диски и выполняем монтирование дисков к создоным дерикториям 
5. В новых дерикториях создаем по несколько файлов и выполняем сними какиенибуть действия, после этого меняем группу и владельца

