u18@u18-VirtualBox:~$ sudo apt install curl software-properties-common ca-certificates apt-transport-https -y
[sudo] пароль для u18: 
Чтение списков пакетов… Готово
Построение дерева зависимостей… Готово
Чтение информации о состоянии… Готово         
Уже установлен пакет ca-certificates самой новой версии (20240203~22.04.1).
ca-certificates помечен как установленный вручную.
Уже установлен пакет software-properties-common самой новой версии (0.99.22.9).
software-properties-common помечен как установленный вручную.
Следующие пакеты устанавливались автоматически и больше не требуются:
  libwpe-1.0-1 libwpebackend-fdo-1.0-1
Для их удаления используйте «sudo apt autoremove».
Следующие НОВЫЕ пакеты будут установлены:
  apt-transport-https curl
Обновлено 0 пакетов, установлено 2 новых пакетов, для удаления отмечено 0 пакетов, и 0 пакетов не обновлено.
Необходимо скачать 196 kB архивов.
После данной операции объём занятого дискового пространства возрастёт на 625 kB.
Пол:1 http://ru.archive.ubuntu.com/ubuntu jammy-updates/universe amd64 apt-transport-https all 2.4.13 [1 510 B]
Пол:2 http://ru.archive.ubuntu.com/ubuntu jammy-updates/main amd64 curl amd64 7.81.0-1ubuntu1.20 [194 kB]
Получено 196 kB за 0с (395 kB/s)
Выбор ранее не выбранного пакета apt-transport-https.
(Чтение базы данных … на данный момент установлено 180786 файлов и каталогов.)
Подготовка к распаковке …/apt-transport-https_2.4.13_all.deb …
Распаковывается apt-transport-https (2.4.13) …
Выбор ранее не выбранного пакета curl.
Подготовка к распаковке …/curl_7.81.0-1ubuntu1.20_amd64.deb …
Распаковывается curl (7.81.0-1ubuntu1.20) …
Настраивается пакет apt-transport-https (2.4.13) …
Настраивается пакет curl (7.81.0-1ubuntu1.20) …
Обрабатываются триггеры для man-db (2.10.2-1) …
u18@u18-VirtualBox:~$ curl -fsSL https://download.docker.com/linux/ubuntu/gpg | sudo apt-key add-
Usage: apt-key [--keyring file] [command] [arguments]

Manage apt's list of trusted keys

  apt-key add <file>          - add the key contained in <file> ('-' for stdin)
  apt-key del <keyid>         - remove the key <keyid>
  apt-key export <keyid>      - output the key <keyid>
  apt-key exportall           - output all trusted keys
  apt-key update              - update keys using the keyring package
  apt-key net-update          - update keys using the network
  apt-key list                - list keys
  apt-key finger              - list fingerprints
  apt-key adv                 - pass advanced options to gpg (download key)

If no specific keyring file is given the command applies to all keyring files.
curl: (23) Failed writing body
u18@u18-VirtualBox:~$ curl -fsSL https://download.docker.com/linux/ubuntu/gpg | sudo apt-key add -
Warning: apt-key is deprecated. Manage keyring files in trusted.gpg.d instead (see apt-key(8)).
OK
u18@u18-VirtualBox:~$ sudo add-apt-repository "deb [arch=amd64] https://download.doker.com/linux/ubuntu jammy stable"
Репозиторий: 'deb [arch=amd64] https://download.doker.com/linux/ubuntu jammy stable'
Описание:
Archive for codename: jammy components: stable
Дополнительные сведения: https://download.doker.com/linux/ubuntu
Добавление репозитория.
Нажмите [ENTER] для продолжения или Ctrl-C для отмены.
Adding deb entry to /etc/apt/sources.list.d/archive_uri-https_download_doker_com_linux_ubuntu-jammy.list
Adding disabled deb-src entry to /etc/apt/sources.list.d/archive_uri-https_download_doker_com_linux_ubuntu-jammy.list
Пол:1 http://security.ubuntu.com/ubuntu jammy-security InRelease [129 kB]         
Сущ:2 http://ru.archive.ubuntu.com/ubuntu jammy InRelease                         
Игн:3 https://download.doker.com/linux/ubuntu jammy InRelease                   
Пол:4 http://ru.archive.ubuntu.com/ubuntu jammy-updates InRelease [128 kB]      
Пол:5 http://security.ubuntu.com/ubuntu jammy-security/main amd64 Packages [2 137 kB]
Игн:3 https://download.doker.com/linux/ubuntu jammy InRelease           
Игн:3 https://download.doker.com/linux/ubuntu jammy InRelease           
Пол:6 http://ru.archive.ubuntu.com/ubuntu jammy-backports InRelease [127 kB]
Пол:7 http://ru.archive.ubuntu.com/ubuntu jammy-updates/main amd64 Packages [2 378 kB]              
Пол:8 http://security.ubuntu.com/ubuntu jammy-security/main i386 Packages [598 kB]                  
Пол:9 http://security.ubuntu.com/ubuntu jammy-security/main amd64 DEP-11 Metadata [43,1 kB]         
Пол:10 http://security.ubuntu.com/ubuntu jammy-security/restricted amd64 Packages [2 967 kB]        
Ошб:3 https://download.doker.com/linux/ubuntu jammy InRelease                                       
  Не удалось разрешить «download.doker.com»
Пол:11 http://security.ubuntu.com/ubuntu jammy-security/restricted i386 Packages [38,8 kB]          
Пол:12 http://security.ubuntu.com/ubuntu jammy-security/restricted Translation-en [524 kB]          
Пол:13 http://security.ubuntu.com/ubuntu jammy-security/restricted amd64 DEP-11 Metadata [208 B]    
Пол:14 http://security.ubuntu.com/ubuntu jammy-security/universe amd64 DEP-11 Metadata [126 kB]     
Пол:15 http://security.ubuntu.com/ubuntu jammy-security/multiverse i386 Packages [3 352 B]          
Пол:16 http://security.ubuntu.com/ubuntu jammy-security/multiverse amd64 Packages [45,5 kB]         
Пол:17 http://security.ubuntu.com/ubuntu jammy-security/multiverse Translation-en [10,3 kB]         
Пол:18 http://security.ubuntu.com/ubuntu jammy-security/multiverse amd64 DEP-11 Metadata [208 B]    
Пол:19 http://ru.archive.ubuntu.com/ubuntu jammy-updates/main i386 Packages [765 kB]                
Пол:20 http://ru.archive.ubuntu.com/ubuntu jammy-updates/main amd64 DEP-11 Metadata [103 kB]        
Пол:21 http://ru.archive.ubuntu.com/ubuntu jammy-updates/restricted amd64 Packages [3 113 kB]       
Пол:22 http://ru.archive.ubuntu.com/ubuntu jammy-updates/restricted i386 Packages [40,6 kB]         
Пол:23 http://ru.archive.ubuntu.com/ubuntu jammy-updates/restricted Translation-en [549 kB]         
Пол:24 http://ru.archive.ubuntu.com/ubuntu jammy-updates/restricted amd64 DEP-11 Metadata [212 B]   
Пол:25 http://ru.archive.ubuntu.com/ubuntu jammy-updates/universe amd64 Packages [1 193 kB]         
Пол:26 http://ru.archive.ubuntu.com/ubuntu jammy-updates/universe i386 Packages [760 kB]            
Пол:27 http://ru.archive.ubuntu.com/ubuntu jammy-updates/universe amd64 DEP-11 Metadata [359 kB]    
Пол:28 http://ru.archive.ubuntu.com/ubuntu jammy-updates/multiverse amd64 Packages [52,2 kB]        
Пол:29 http://ru.archive.ubuntu.com/ubuntu jammy-updates/multiverse i386 Packages [6 568 B]         
Пол:30 http://ru.archive.ubuntu.com/ubuntu jammy-updates/multiverse Translation-en [13,2 kB]        
Пол:31 http://ru.archive.ubuntu.com/ubuntu jammy-updates/multiverse amd64 DEP-11 Metadata [940 B]   
Пол:32 http://ru.archive.ubuntu.com/ubuntu jammy-backports/main amd64 DEP-11 Metadata [7 044 B]     
Пол:33 http://ru.archive.ubuntu.com/ubuntu jammy-backports/restricted amd64 DEP-11 Metadata [212 B] 
Пол:34 http://ru.archive.ubuntu.com/ubuntu jammy-backports/universe amd64 DEP-11 Metadata [17,7 kB] 
Пол:35 http://ru.archive.ubuntu.com/ubuntu jammy-backports/multiverse amd64 DEP-11 Metadata [212 B] 
Получено 16,2 MB за 25с (652 kB/s)                                                                  
Чтение списков пакетов… Готово
W: Не удалось получить https://download.doker.com/linux/ubuntu/dists/jammy/InRelease  Не удалось разрешить «download.doker.com»
W: Некоторые индексные файлы скачать не удалось. Они были проигнорированы, или вместо них были использованы старые версии.
u18@u18-VirtualBox:~$ sudo apt install docker-ce -y
Чтение списков пакетов… Готово
Построение дерева зависимостей… Готово
Чтение информации о состоянии… Готово         
Пакет docker-ce недоступен, но упомянут в списке зависимостей другого
пакета. Это может означать, что пакет отсутствует, устарел или
доступен из источников, не упомянутых в sources.list

E: Для пакета «docker-ce» не найден кандидат на установку
u18@u18-VirtualBox:~$ sudo add-apt-repository "deb [arch=amd64] https://download.docker.com/linux/ubuntu jammy stable"
Репозиторий: 'deb [arch=amd64] https://download.docker.com/linux/ubuntu jammy stable'
Описание:
Archive for codename: jammy components: stable
Дополнительные сведения: https://download.docker.com/linux/ubuntu
Добавление репозитория.
Нажмите [ENTER] для продолжения или Ctrl-C для отмены.
Adding deb entry to /etc/apt/sources.list.d/archive_uri-https_download_docker_com_linux_ubuntu-jammy.list
Adding disabled deb-src entry to /etc/apt/sources.list.d/archive_uri-https_download_docker_com_linux_ubuntu-jammy.list
Игн:1 https://download.doker.com/linux/ubuntu jammy InRelease
Сущ:2 http://ru.archive.ubuntu.com/ubuntu jammy InRelease                                           
Пол:3 http://ru.archive.ubuntu.com/ubuntu jammy-updates InRelease [128 kB]                          
Сущ:4 http://security.ubuntu.com/ubuntu jammy-security InRelease                                    
Пол:5 https://download.docker.com/linux/ubuntu jammy InRelease [48,8 kB]                            
Сущ:6 http://ru.archive.ubuntu.com/ubuntu jammy-backports InRelease         
Игн:1 https://download.doker.com/linux/ubuntu jammy InRelease               
Пол:7 https://download.docker.com/linux/ubuntu jammy/stable amd64 Packages [45,7 kB]
Игн:1 https://download.doker.com/linux/ubuntu jammy InRelease
Ошб:1 https://download.doker.com/linux/ubuntu jammy InRelease                                       
  Не удалось разрешить «download.doker.com»
Получено 223 kB за 7с (31,2 kB/s)                                                                   
Чтение списков пакетов… Готово
W: https://download.docker.com/linux/ubuntu/dists/jammy/InRelease: Ключ хранится в унаследованной связке ключей trusted.gpg (/etc/apt/trusted.gpg), подробности см. в разделе DEPRECATION в apt-key(8).
W: Не удалось получить https://download.doker.com/linux/ubuntu/dists/jammy/InRelease  Не удалось разрешить «download.doker.com»
W: Некоторые индексные файлы скачать не удалось. Они были проигнорированы, или вместо них были использованы старые версии.
u18@u18-VirtualBox:~$ sudo add-apt-repository "deb [arch=amd64] https://download.docker.com/linux/ubuntu jammy stable"
Репозиторий: 'deb [arch=amd64] https://download.docker.com/linux/ubuntu jammy stable'
Описание:
Archive for codename: jammy components: stable
Дополнительные сведения: https://download.docker.com/linux/ubuntu
Добавление репозитория.
Нажмите [ENTER] для продолжения или Ctrl-C для отмены.
Found existing deb entry in /etc/apt/sources.list.d/archive_uri-https_download_docker_com_linux_ubuntu-jammy.list
Adding deb entry to /etc/apt/sources.list.d/archive_uri-https_download_docker_com_linux_ubuntu-jammy.list
Found existing deb-src entry in /etc/apt/sources.list.d/archive_uri-https_download_docker_com_linux_ubuntu-jammy.list
Adding disabled deb-src entry to /etc/apt/sources.list.d/archive_uri-https_download_docker_com_linux_ubuntu-jammy.list
Игн:1 https://download.doker.com/linux/ubuntu jammy InRelease
Сущ:2 http://ru.archive.ubuntu.com/ubuntu jammy InRelease                                           
Сущ:3 http://ru.archive.ubuntu.com/ubuntu jammy-updates InRelease                                   
Сущ:4 http://security.ubuntu.com/ubuntu jammy-security InRelease                                    
Сущ:5 http://ru.archive.ubuntu.com/ubuntu jammy-backports InRelease               
Сущ:6 https://download.docker.com/linux/ubuntu jammy InRelease                    
Игн:1 https://download.doker.com/linux/ubuntu jammy InRelease
Игн:1 https://download.doker.com/linux/ubuntu jammy InRelease
Ошб:1 https://download.doker.com/linux/ubuntu jammy InRelease
  Не удалось разрешить «download.doker.com»
Чтение списков пакетов… Готово
W: https://download.docker.com/linux/ubuntu/dists/jammy/InRelease: Ключ хранится в унаследованной связке ключей trusted.gpg (/etc/apt/trusted.gpg), подробности см. в разделе DEPRECATION в apt-key(8).
W: Не удалось получить https://download.doker.com/linux/ubuntu/dists/jammy/InRelease  Не удалось разрешить «download.doker.com»
W: Некоторые индексные файлы скачать не удалось. Они были проигнорированы, или вместо них были использованы старые версии.
u18@u18-VirtualBox:~$ sudo add-apt-repository "deb [arch=amd64] https://download.docker.com/linux/ubuntu jammy stable"
Репозиторий: 'deb [arch=amd64] https://download.docker.com/linux/ubuntu jammy stable'
Описание:
Archive for codename: jammy components: stable
Дополнительные сведения: https://download.docker.com/linux/ubuntu
Добавление репозитория.
Нажмите [ENTER] для продолжения или Ctrl-C для отмены.
Found existing deb entry in /etc/apt/sources.list.d/archive_uri-https_download_docker_com_linux_ubuntu-jammy.list
Adding deb entry to /etc/apt/sources.list.d/archive_uri-https_download_docker_com_linux_ubuntu-jammy.list
Found existing deb-src entry in /etc/apt/sources.list.d/archive_uri-https_download_docker_com_linux_ubuntu-jammy.list
Adding disabled deb-src entry to /etc/apt/sources.list.d/archive_uri-https_download_docker_com_linux_ubuntu-jammy.list
Игн:1 https://download.doker.com/linux/ubuntu jammy InRelease
Сущ:2 http://ru.archive.ubuntu.com/ubuntu jammy InRelease                                           
Пол:3 http://ru.archive.ubuntu.com/ubuntu jammy-updates InRelease [128 kB]                          
Сущ:4 http://security.ubuntu.com/ubuntu jammy-security InRelease                                    
Сущ:5 https://download.docker.com/linux/ubuntu jammy InRelease                                      
Пол:6 http://ru.archive.ubuntu.com/ubuntu jammy-backports InRelease [127 kB]
Пол:7 http://ru.archive.ubuntu.com/ubuntu jammy-updates/main amd64 DEP-11 Metadata [103 kB]
Пол:8 http://ru.archive.ubuntu.com/ubuntu jammy-updates/restricted amd64 DEP-11 Metadata [212 B]
Пол:9 http://ru.archive.ubuntu.com/ubuntu jammy-updates/universe amd64 DEP-11 Metadata [359 kB]
Пол:10 http://ru.archive.ubuntu.com/ubuntu jammy-updates/multiverse amd64 DEP-11 Metadata [940 B]
Пол:11 http://ru.archive.ubuntu.com/ubuntu jammy-backports/main amd64 DEP-11 Metadata [7 016 B]
Пол:12 http://ru.archive.ubuntu.com/ubuntu jammy-backports/restricted amd64 DEP-11 Metadata [212 B]
Пол:13 http://ru.archive.ubuntu.com/ubuntu jammy-backports/universe amd64 DEP-11 Metadata [17,8 kB]
Пол:14 http://ru.archive.ubuntu.com/ubuntu jammy-backports/multiverse amd64 DEP-11 Metadata [212 B]
Игн:1 https://download.doker.com/linux/ubuntu jammy InRelease            
Игн:1 https://download.doker.com/linux/ubuntu jammy InRelease
Ошб:1 https://download.doker.com/linux/ubuntu jammy InRelease                                       
  Не удалось разрешить «download.doker.com»
Получено 744 kB за 7с (104 kB/s)                                                                    
Чтение списков пакетов… Готово
W: https://download.docker.com/linux/ubuntu/dists/jammy/InRelease: Ключ хранится в унаследованной связке ключей trusted.gpg (/etc/apt/trusted.gpg), подробности см. в разделе DEPRECATION в apt-key(8).
W: Не удалось получить https://download.doker.com/linux/ubuntu/dists/jammy/InRelease  Не удалось разрешить «download.doker.com»
W: Некоторые индексные файлы скачать не удалось. Они были проигнорированы, или вместо них были использованы старые версии.
u18@u18-VirtualBox:~$ sudo apt update
Игн:1 https://download.doker.com/linux/ubuntu jammy InRelease
Сущ:2 http://ru.archive.ubuntu.com/ubuntu jammy InRelease                                           
Сущ:3 http://ru.archive.ubuntu.com/ubuntu jammy-updates InRelease                                   
Сущ:4 http://ru.archive.ubuntu.com/ubuntu jammy-backports InRelease                                 
Сущ:5 https://download.docker.com/linux/ubuntu jammy InRelease                                      
Сущ:6 http://security.ubuntu.com/ubuntu jammy-security InRelease                  
Игн:1 https://download.doker.com/linux/ubuntu jammy InRelease
Игн:1 https://download.doker.com/linux/ubuntu jammy InRelease
Ошб:1 https://download.doker.com/linux/ubuntu jammy InRelease
  Не удалось разрешить «download.doker.com»
Чтение списков пакетов… Готово
Построение дерева зависимостей… Готово
Чтение информации о состоянии… Готово         
Может быть обновлён 1 пакет. Запустите «apt list --upgradable» для показа.
W: https://download.docker.com/linux/ubuntu/dists/jammy/InRelease: Ключ хранится в унаследованной связке ключей trusted.gpg (/etc/apt/trusted.gpg), подробности см. в разделе DEPRECATION в apt-key(8).
W: Не удалось получить https://download.doker.com/linux/ubuntu/dists/jammy/InRelease  Не удалось разрешить «download.doker.com»
W: Некоторые индексные файлы скачать не удалось. Они были проигнорированы, или вместо них были использованы старые версии.
u18@u18-VirtualBox:~$ sudo apt install dock
docker                     docker-ce-rootless-extras  docker.io
docker2aci                 docker-clean               docker-registry
docker-buildx              docker-compose             docker-scan-plugin
docker-buildx-plugin       docker-compose-plugin      docknot
docker-ce                  docker-compose-v2          
docker-ce-cli              docker-doc                 
u18@u18-VirtualBox:~$ sudo apt install docker-ce
Чтение списков пакетов… Готово
Построение дерева зависимостей… Готово
Чтение информации о состоянии… Готово         
Следующие пакеты устанавливались автоматически и больше не требуются:
  libwpe-1.0-1 libwpebackend-fdo-1.0-1
Для их удаления используйте «sudo apt autoremove».
Будут установлены следующие дополнительные пакеты:
  containerd.io docker-buildx-plugin docker-ce-cli docker-ce-rootless-extras docker-compose-plugin
  git git-man liberror-perl libslirp0 pigz slirp4netns
Предлагаемые пакеты:
  cgroupfs-mount | cgroup-lite git-daemon-run | git-daemon-sysvinit git-doc git-email git-gui gitk
  gitweb git-cvs git-mediawiki git-svn
Следующие НОВЫЕ пакеты будут установлены:
  containerd.io docker-buildx-plugin docker-ce docker-ce-cli docker-ce-rootless-extras
  docker-compose-plugin git git-man liberror-perl libslirp0 pigz slirp4netns
Обновлено 0 пакетов, установлено 12 новых пакетов, для удаления отмечено 0 пакетов, и 1 пакетов не обновлено.
Необходимо скачать 124 MB архивов.
После данной операции объём занятого дискового пространства возрастёт на 458 MB.
Хотите продолжить? [Д/н] y
Пол:1 http://ru.archive.ubuntu.com/ubuntu jammy/universe amd64 pigz amd64 2.6-1 [63,6 kB]
Пол:2 https://download.docker.com/linux/ubuntu jammy/stable amd64 containerd.io amd64 1.7.25-1 [29,6 MB]
Пол:3 http://ru.archive.ubuntu.com/ubuntu jammy/main amd64 liberror-perl all 0.17029-1 [26,5 kB]
Пол:4 http://ru.archive.ubuntu.com/ubuntu jammy-updates/main amd64 git-man all 1:2.34.1-1ubuntu1.12 [955 kB]
Пол:5 http://ru.archive.ubuntu.com/ubuntu jammy-updates/main amd64 git amd64 1:2.34.1-1ubuntu1.12 [3 165 kB]
Пол:6 http://ru.archive.ubuntu.com/ubuntu jammy/main amd64 libslirp0 amd64 4.6.1-1build1 [61,5 kB]
Пол:7 http://ru.archive.ubuntu.com/ubuntu jammy/universe amd64 slirp4netns amd64 1.0.1-2 [28,2 kB]
Пол:8 https://download.docker.com/linux/ubuntu jammy/stable amd64 docker-buildx-plugin amd64 0.21.1-1~ubuntu.22.04~jammy [35,3 MB]
Пол:9 https://download.docker.com/linux/ubuntu jammy/stable amd64 docker-ce-cli amd64 5:28.0.1-1~ubuntu.22.04~jammy [15,7 MB]
Пол:10 https://download.docker.com/linux/ubuntu jammy/stable amd64 docker-ce amd64 5:28.0.1-1~ubuntu.22.04~jammy [19,1 MB]
Пол:11 https://download.docker.com/linux/ubuntu jammy/stable amd64 docker-ce-rootless-extras amd64 5:28.0.1-1~ubuntu.22.04~jammy [6 086 kB]
Пол:12 https://download.docker.com/linux/ubuntu jammy/stable amd64 docker-compose-plugin amd64 2.33.1-1~ubuntu.22.04~jammy [14,0 MB]
Получено 124 MB за 23с (5 456 kB/s)                                                                 
Выбор ранее не выбранного пакета pigz.
(Чтение базы данных … на данный момент установлено 180797 файлов и каталогов.)
Подготовка к распаковке …/00-pigz_2.6-1_amd64.deb …
Распаковывается pigz (2.6-1) …
Выбор ранее не выбранного пакета containerd.io.
Подготовка к распаковке …/01-containerd.io_1.7.25-1_amd64.deb …
Распаковывается containerd.io (1.7.25-1) …
Выбор ранее не выбранного пакета docker-buildx-plugin.
Подготовка к распаковке …/02-docker-buildx-plugin_0.21.1-1~ubuntu.22.04~jammy_amd64.deb …
Распаковывается docker-buildx-plugin (0.21.1-1~ubuntu.22.04~jammy) …
Выбор ранее не выбранного пакета docker-ce-cli.
Подготовка к распаковке …/03-docker-ce-cli_5%3a28.0.1-1~ubuntu.22.04~jammy_amd64.deb …
Распаковывается docker-ce-cli (5:28.0.1-1~ubuntu.22.04~jammy) …
Выбор ранее не выбранного пакета docker-ce.
Подготовка к распаковке …/04-docker-ce_5%3a28.0.1-1~ubuntu.22.04~jammy_amd64.deb …
Распаковывается docker-ce (5:28.0.1-1~ubuntu.22.04~jammy) …
Выбор ранее не выбранного пакета docker-ce-rootless-extras.
Подготовка к распаковке …/05-docker-ce-rootless-extras_5%3a28.0.1-1~ubuntu.22.04~jammy_amd64.deb …
Распаковывается docker-ce-rootless-extras (5:28.0.1-1~ubuntu.22.04~jammy) …
Выбор ранее не выбранного пакета docker-compose-plugin.
Подготовка к распаковке …/06-docker-compose-plugin_2.33.1-1~ubuntu.22.04~jammy_amd64.deb …
Распаковывается docker-compose-plugin (2.33.1-1~ubuntu.22.04~jammy) …
Выбор ранее не выбранного пакета liberror-perl.
Подготовка к распаковке …/07-liberror-perl_0.17029-1_all.deb …
Распаковывается liberror-perl (0.17029-1) …
Выбор ранее не выбранного пакета git-man.
Подготовка к распаковке …/08-git-man_1%3a2.34.1-1ubuntu1.12_all.deb …
Распаковывается git-man (1:2.34.1-1ubuntu1.12) …
Выбор ранее не выбранного пакета git.
Подготовка к распаковке …/09-git_1%3a2.34.1-1ubuntu1.12_amd64.deb …
Распаковывается git (1:2.34.1-1ubuntu1.12) …
Выбор ранее не выбранного пакета libslirp0:amd64.
Подготовка к распаковке …/10-libslirp0_4.6.1-1build1_amd64.deb …
Распаковывается libslirp0:amd64 (4.6.1-1build1) …
Выбор ранее не выбранного пакета slirp4netns.
Подготовка к распаковке …/11-slirp4netns_1.0.1-2_amd64.deb …
Распаковывается slirp4netns (1.0.1-2) …
Настраивается пакет liberror-perl (0.17029-1) …
Настраивается пакет docker-buildx-plugin (0.21.1-1~ubuntu.22.04~jammy) …
Настраивается пакет containerd.io (1.7.25-1) …
Created symlink /etc/systemd/system/multi-user.target.wants/containerd.service → /lib/systemd/system/
containerd.service.
Настраивается пакет docker-compose-plugin (2.33.1-1~ubuntu.22.04~jammy) …
Настраивается пакет docker-ce-cli (5:28.0.1-1~ubuntu.22.04~jammy) …
Настраивается пакет libslirp0:amd64 (4.6.1-1build1) …
Настраивается пакет pigz (2.6-1) …
Настраивается пакет git-man (1:2.34.1-1ubuntu1.12) …
Настраивается пакет docker-ce-rootless-extras (5:28.0.1-1~ubuntu.22.04~jammy) …
Настраивается пакет slirp4netns (1.0.1-2) …
Настраивается пакет docker-ce (5:28.0.1-1~ubuntu.22.04~jammy) …
Created symlink /etc/systemd/system/multi-user.target.wants/docker.service → /lib/systemd/system/dock
er.service.
Created symlink /etc/systemd/system/sockets.target.wants/docker.socket → /lib/systemd/system/docker.s
ocket.
Настраивается пакет git (1:2.34.1-1ubuntu1.12) …
Обрабатываются триггеры для man-db (2.10.2-1) …
Обрабатываются триггеры для libc-bin (2.35-0ubuntu3.9) …
u18@u18-VirtualBox:~$ sudo systemctl status docker
● docker.service - Docker Application Container Engine
     Loaded: loaded (/lib/systemd/system/docker.service; enabled; vendor preset: enabled)
     Active: active (running) since Fri 2025-03-07 15:24:43 +07; 1min 36s ago
TriggeredBy: ● docker.socket
       Docs: https://docs.docker.com
   Main PID: 7753 (dockerd)
      Tasks: 10
     Memory: 22.6M
        CPU: 734ms
     CGroup: /system.slice/docker.service
             └─7753 /usr/bin/dockerd -H fd:// --containerd=/run/containerd/containerd.sock

мар 07 15:24:25 u18-VirtualBox dockerd[7753]: time="2025-03-07T15:24:25.526189603+07:00" level=info >
мар 07 15:24:25 u18-VirtualBox dockerd[7753]: time="2025-03-07T15:24:25.526624132+07:00" level=info >
мар 07 15:24:31 u18-VirtualBox dockerd[7753]: time="2025-03-07T15:24:31.250383819+07:00" level=info >
мар 07 15:24:39 u18-VirtualBox dockerd[7753]: time="2025-03-07T15:24:38.831028211+07:00" level=info >
мар 07 15:24:39 u18-VirtualBox dockerd[7753]: time="2025-03-07T15:24:39.816133982+07:00" level=info >
мар 07 15:24:39 u18-VirtualBox dockerd[7753]: time="2025-03-07T15:24:39.816688523+07:00" level=info >
мар 07 15:24:43 u18-VirtualBox dockerd[7753]: time="2025-03-07T15:24:43.350560303+07:00" level=info >
мар 07 15:24:43 u18-VirtualBox dockerd[7753]: time="2025-03-07T15:24:43.356691602+07:00" level=info >
мар 07 15:24:43 u18-VirtualBox dockerd[7753]: time="2025-03-07T15:24:43.356776024+07:00" level=info >
мар 07 15:24:43 u18-VirtualBox systemd[1]: Started Docker Application Container Engine.
u18@u18-VirtualBox:~$ sodu uaermod -aG docker $USER
sodu: команда не найдена
u18@u18-VirtualBox:~$ sudo uaermod -aG docker $USER
sudo: uaermod: команда не найдена
u18@u18-VirtualBox:~$ sudo usermod -aG docker $USER
u18@u18-VirtualBox:~$ newgrp docker
u18@u18-VirtualBox:~$ 
