–ì–ª–∞–≤–∞ 1. –ó–Ω–∞–∫–æ–º—Å—Ç–≤–æ —Å –∫–æ–º–∞–Ω–¥–Ω–æ–π –æ–±–æ–ª–æ—á–∫–æ–π
[311u18@311U18 ~]$ date
–ß—Ç —è–Ω–≤ 30 10:06:18 +07 2025
// –í—ã–≤–æ–¥ —Ç–µ–∫—É–∂–µ–π –¥–∞—Ç—ã –∏ –≤—Ä–µ–º–µ–Ω–∏ –Ω–∞ –º–æ–º–µ–Ω—Ç –≤–≤–æ–¥–∞ –∫–æ–º–∞–Ω–¥—ã 
[311u18@311U18 ~]$ cal
     –Ø–Ω–≤–∞—Ä—å 2025    
–ü–Ω –í—Ç –°—Ä –ß—Ç –ü—Ç –°–± –í—Å
       1  2  3  4  5
 6  7  8  9 10 11 12
13 14 15 16 17 18 19
20 21 22 23 24 25 26
27 28 29 30 31 
// –ü–æ–∫–∞–∑—ã–≤–∞–π –∫–∞–ª–µ–Ω–¥–∞—Ä—å —Ç–µ–∫—â–µ–≥–æ –º–µ—Å—è—Ü–∞ –∏ –≥–æ–¥
[311u18@311U18 ~]$ df
–§–∞–π–ª–æ–≤–∞—è —Å–∏—Å—Ç–µ–º–∞       1K-–±–ª–æ–∫–æ–≤ –ò—Å–ø–æ–ª—å–∑–æ–≤–∞–Ω–æ  –î–æ—Å—Ç—É–ø–Ω–æ –ò—Å–ø–æ–ª—å–∑–æ–≤–∞–Ω–æ% C–º–æ–Ω—Ç–∏—Ä–æ–≤–∞–Ω–æ –≤
devtmpfs                    4096            0      4096            0% /dev
tmpfs                    7858260        44692   7813568            1% /dev/shm
tmpfs                    3143304         4028   3139276            1% /run
/dev/nvme0n1p5          48281448     26048608  19747796           57% /
/dev/nvme0n1p2            995224       352732    573760           39% /boot
/dev/nvme0n1p6         188018008     59827180 118616620           34% /home
/dev/nvme0n1p1            610120         8028    602092            2% /boot/efi
/dev/sda1              239254916     27698384 199330280           13% /VSD
tmpfs                    1571652          136   1571516            1% /run/user/1804801189
//OPEX1/WinStation.All 976542716    828002740 148539976           85% /media/share/X
[311u18@311U18 ~]$ free
               total        used        free      shared  buff/cache   available
Mem:        15716520     4126460     1785132       94796    10241220    11590060
// –ü–æ–∫–∞–∑—ã–≤–∞–µ—Ç —Å–≤–æ—é–æ–¥–Ω–æ–µ –ø—Ä–æ—Å—Ç—Ä–∞–Ω—Å—Ç–≤–æ –Ω–∞ –¥–∏—Å–∫–µ
[311u18@311U18 ~]$exit
// –ö–æ–º–∞–Ω–¥–∞ –∑–∞–∫—Ä—ã—Ç–∏—è —Ç–µ—Ä–º–∏–Ω–∞–ª–∞ 

–ì–ª–∞–≤–∞ 2 –ù–∞–≤–∏–≥–∞—Ü–∏—è
[311u18@311U18 ~]$ pwd
/home/311u18@nkti.local
// –ü–æ–∫–∞–∑—ã–≤–∞–µ—Ç –ø—É—Ç—å –∏ –ø–∞–ø–∞–∫—É –≤ –∫–æ—Ç–æ—Ä–æ–π —Å–µ–π—á–∞—Å –Ω–∞—Ö–æ–¥–∏—Ç—Å—è
[311u18@311U18 ~]$ ls
 lab1.txt    sync.sh           –í–∏–¥–µ–æ       –ó–∞–≥—Ä—É–∑–∫–∏      –ú—É–∑—ã–∫–∞         '–†–∞–±–æ—á–∏–π —Å—Ç–æ–ª'
 lab1_.txt  'VirtualBox VMs'   –î–æ–∫—É–º–µ–Ω—Ç—ã   –ò–∑–æ–±—Ä–∞–∂–µ–Ω–∏—è   –û–±—â–µ–¥–æ—Å—Ç—É–ø–Ω—ã–µ   –®–∞–±–ª–æ–Ω—ã
// –ü–æ–∫–∞–∑—ã–≤–∞–µ—Ç –¥–µ—Ä–∏–∫—Ç–æ—Ä–∏–∏ –∏ –ø–∞–ø–∫–∏ —Å —Ç–µ–∫—É—â–µ–º –∫–∞—Ç–∞–ª–æ–≥–µ (–ø—Ä–∏ –¥–∞–±–æ–≤–ª–µ–Ω–∏–µ –∫–ª—é—á–µ–π, –º–µ–Ω–µ—Ç—Å—è –≤—ã–≤–æ–¥–∏–º—ã–π —Ä–µ–∑—É–ª—å—Ç–∞—Ç –≤ –∑–∞–≤–∏—Å–∏–º–æ—Å—Ç–∏ –æ—Ç –∫–ª—é—á–∞)
311u18@311U18 home]$ cd ..
[311u18@311U18 /]$ cd ..
// –ü–µ—Ä–µ—Ö–æ–¥ –º–µ–∂–¥—É –¥–µ—Ä–∏–∫—Ç–æ—Ä–∏—è–º–∏ (.. —ç—Ç–æ –≤–æ–∑—Ä–æ—â–µ–Ω–∏–µ –≤ –¥—Ä–µ–¥—ã–¥—É—â—É—é –¥–µ—Ä–µ–∫—Ç–æ—Ä–∏—é)

–ì–ª–∞–≤–∞ 3 –ò—Å–ª–µ–¥–æ–≤–∞–Ω–∏–µ —Å–∏—Å—Ç–µ–º—ã 
[311u18@311U18 ~]$ file lab1.txt
lab1.txt: UTF-8 Unicode text
// –ü–æ–∫–∞–∑—ã–≤–∞–µ—Ç —Ç–∏–ø –≤—ã–π–ª–∞
[311u18@311U18 ~]$ less lab1.txt
// –ü–æ–∫–∞–∑—ã–≤–∞–µ—Ç —Å–æ–¥–µ—Ä–∂–∏–º–∞–æ–µ —Ñ–∞–π–ª–∞ 
[311u18@311U18 /]$ ls /var/tmp
systemd-private-25b70836cb7a4b4c9abf340278ef237f-chronyd.service-iJz1U6
systemd-private-25b70836cb7a4b4c9abf340278ef237f-colord.service-XXGL8h
systemd-private-25b70836cb7a4b4c9abf340278ef237f-dbus-broker.service-fjm7Iv
systemd-private-25b70836cb7a4b4c9abf340278ef237f-ModemManager.service-Judot9
systemd-private-25b70836cb7a4b4c9abf340278ef237f-postfix.service-I6rYOr
systemd-private-25b70836cb7a4b4c9abf340278ef237f-rtkit-daemon.service-MvYJdI
systemd-private-25b70836cb7a4b4c9abf340278ef237f-systemd-logind.service-fVf2aN
systemd-private-25b70836cb7a4b4c9abf340278ef237f-upower.service-xHKGLj
// –ü—Ä–æ—Å–º–æ—Ç—Ä–µ—Ä –¥–µ—Ä–µ–∫—Ç–æ—Ä–∏–∏ –≤ –∫–æ—Ç–æ–π –º—ã –Ω–µ –Ω–∞—Ö–æ–¥–∏–º—Å—è 

–ì–ª–∞–≤–∞ 4 –û–ø–µ—Ä–∞—Ü–∏–∏ —Å —Ñ–∞–π–ª–∞–º–∏ –∏ –∫–∞—Ç–æ–ª–æ–≥–∞–º–∏ 
[311u18@311U18 –í–∏–¥–µ–æ]$ touch lab2
[311u18@311U18 –í–∏–¥–µ–æ]$ ls
lab2
// –°–æ–∑–¥–∞–Ω–∏–µ –ø—É—Å—Ç–æ–≥–æ —Ñ–∞–π–ª–∞ 
[311u18@311U18 –ó–∞–≥—Ä—É–∑–∫–∏]$ mv test ~/–í–∏–¥–µ–æ
[311u18@311U18 –ó–∞–≥—Ä—É–∑–∫–∏]$ –¥—ã
bash: –¥—ã: –∫–æ–º–∞–Ω–¥–∞ –Ω–µ –Ω–∞–π–¥–µ–Ω–∞
[311u18@311U18 –ó–∞–≥—Ä—É–∑–∫–∏]$ ls
 605c6742-cf26-11ef-b7eb-e37bf6733391.jpg        '–ü—Ä 17.pdf'   '–§–ó 187.pdf'
 –ò-31.xls                                        '–ü–† 21.pdf'   '–§–ó 390.pdf'
'–õ–∞–±–æ—Ä–∞—Ç–æ—Ä–Ω–∞—è —Ä–∞–±–æ—Ç–∞ 1.docx'                     '–£–ü 188.pdf'  '–§–ó 63.pdf'
'–õ–∞–±–æ—Ä–∞—Ç–æ—Ä–Ω–∞—è —Ä–∞–±–æ—Ç–∞ 2.docx'                     '–£–ü 250.pdf'  '–©—É—á–µ–Ω–∫–æ –õ–∞–±–∞1. (1).docx'
'–õ–∞–±–æ—Ä–∞—Ç–æ—Ä–Ω–∞—è —Ä–∞–±–æ—Ç–∞ 2 –ï—Ä–º–æ—à–∏–Ω–∞ –°.–ï. –ò-31.docx'  '–§–ó 149.pdf'  '–©—É—á–µ–Ω–∫–æ –õ–∞–±–∞1..docx'
'–õ–∞–±–æ—Ä–∞—Ç–æ—Ä–Ω–∞—è_—Ä–∞–±–æ—Ç–∞_2 –ü—ã—Ä–µ—Å–µ–≤–∞.docx'            '–§–ó 152.pdf'
[311u18@311U18 –ó–∞–≥—Ä—É–∑–∫–∏]$  cd ..
[311u18@311U18 ~]$ cd –í–∏–¥–µ–æ/
[311u18@311U18 –í–∏–¥–µ–æ]$ ls
lab2  test
// –ø–µ—Ä–µ–º–µ—â–µ–Ω–∏–µ —Ñ–∞–π–ª–∞ –º–µ–∂–¥—É –¥–µ—Ä–µ–∫—Ç–æ—Ä–∏—è–º–∏ 

–ì–ª–∞–≤–∞ 9 
–ü–æ—Å–ª–µ —Å–æ–∑–¥–∞–Ω–∏—è –Ω–æ–≤–æ–≥–æ —Ñ–∞–π–ª–∞ –∏ –¥–µ—Ä–µ–∫—Ç–æ—Ä–∏–∏ (–∫–æ–º–∞–Ω–¥–∞ touch and mkdir) —è –ø–æ—Å–º–æ—Ç—Ä–µ–ª –∏—Ö –ø—Ä–∞–≤–∞ —Å –ø–æ–º–æ—â—å—é ls -l. –Ø –∏–∑–º–µ–Ω–∏–ª –ø—Ä–∞–≤–∞ –¥–ª—è –¥–µ—Ä–µ–∫—Ç–æ—Ä–∏–∏ —Ç–∞–∫, —á—Ç–æ –Ω–µ–ª—å–∑—è –±—ã–ª–æ –ø–æ—Å–º–æ—Ç—Ä–µ—Ç—å —á—Ç–æ –≤ –Ω–µ–π –Ω–∞—Ö–æ–¥—Ç—å—Å—è, –∞ –ø–æ—Å–ª–µ, —Ç–∞–∫ —á—Ç–æ –±—ã –±—ã–ª–æ –≤–∏–¥–Ω–æ, –Ω–æ –Ω–µ–ª—å–∑—è –±—ã–ª–æ –∏–º–µ–Ω—è—Ç—å —Å–æ–¥–µ—Ä–∂–∏–º–æ–µ —ç—Ç–æ–π –¥–µ—Ä–µ–∫—Ç–æ—Ä–∏–∏. –¢–∞–∫ –∂–µ —è –ø—Ä–æ–¥–µ–ª–∞–ª —ç—Ç–∏ –¥–µ–π—Å—Ç–≤–∏—è —Å —Ñ–∞–π–ª–æ–º. 
@Jack-Had54 ‚ûú /workspaces/MDK_02.01/32 (main) $ touch test 
@Jack-Had54 ‚ûú /workspaces/MDK_02.01/32 (main) $ ls -l
total 4
-rw-rw-rw-  1 codespace codespace    0 Feb  6 06:05 1
drwxrwxrwx+ 2 codespace codespace 4096 Feb  6 05:02 11
-rw-rw-rw-  1 codespace codespace    0 Feb  6 06:16 test
@Jack-Had54 ‚ûú /workspaces/MDK_02.01/32 (main) $ chmod 222 test
@Jack-Had54 ‚ûú /workspaces/MDK_02.01/32 (main) $ ls -l
total 4
-rw-rw-rw-  1 codespace codespace    0 Feb  6 06:05 1
drwxrwxrwx+ 2 codespace codespace 4096 Feb  6 05:02 11
--w--w--w-  1 codespace codespace    0 Feb  6 06:16 test
@Jack-Had54 ‚ûú /workspaces/MDK_02.01/32 (main) $ chmod 555 11
@Jack-Had54 ‚ûú /workspaces/MDK_02.01/32 (main) $ ls -l
total 4
-rw-rw-rw-  1 codespace codespace    0 Feb  6 06:05 1
dr-xr-xr-x+ 2 codespace codespace 4096 Feb  6 05:02 11
--w--w--w-  1 codespace codespace    0 Feb  6 06:16 test
@Jack-Had54 ‚ûú /workspaces/MDK_02.01/32 (main) $ cd 11
@Jack-Had54 ‚ûú /workspaces/MDK_02.01/32/11 (main) $ ls
@Jack-Had54 ‚ûú /workspaces/MDK_02.01/32/11 (main) $ touch 2
touch: cannot touch '2': Permission denied
@Jack-Had54 ‚ûú /workspaces/MDK_02.01/32/11 (main) $ 
–ì—Ä–∞—Ñ–∏–∫–∞ —Ö—Ä–µ–Ω—å, –ö–° —Ç–∞—â–∏—Ç :)
–î–ª—è —Ç–æ–≥–æ —á—Ç–æ –±—ã —É –º–µ–Ω—è –ø–æ —É–º–æ–ª—á–∞–Ω–∏—é –±—ã–ª–∏ –¥—Ä—É–≥–∏–µ –ø—Ä–≤–∞ —É –Ω–æ–≤—ã—Ö —Ñ–∞–π–ª–æ–≤ –∏ –¥–µ—Ä–∫—Ç–æ—Ä–∏–π, —è –∏—Å–ø–æ–ª—å–∑–æ–≤–∞–ª –∫–æ–º–∞–Ω–¥—É umask. –° –ø–æ–º–æ—â—å—é —ç—Ç–æ–π –∫–æ–º–∞–Ω–¥—ã —è –º–æ–≥—É –∑–∞–±—Ä–∞—Ç—å –∏–ª–∏ –¥–∞—Ç—å –≤—Å–µ –ø—Ä–∞–≤–∞ –¥–ª—è –Ω–æ–≤—ã—Ö —Ñ–∞–π–ª–æ–≤, –±—É–¥–µ—Ç –ø–æ–ª–µ–∑–Ω–æ –ø—Ä–∏ –Ω–µ—Å–∫–æ–ª—å–µ—Ö –ø–æ–ª—å–∑–æ–≤–∞—Ç–µ–ª—è—Ö –∏–ª–∏ –ø—Ä–∏ —Ä–∞–±–æ—Ç–µ –≤ –∫–æ–º–ø–∞–Ω–∏–∏ –∏ –Ω–∞—Å—Ç—Ä–æ–π–∫–∏ –¥–æ—Å—Ç—É–ø–æ–≤.
[311u18@311U18 git]$ ls -l
–∏—Ç–æ–≥–æ 0
-rw-r--r--. 1 311u18 –ø–æ–ª—å–∑–æ–≤–∞—Ç–µ–ª–∏ –¥–æ–º–µ–Ω–∞ 0 —è–Ω–≤ 30 11:55 git1
[311u18@311U18 git]$ touch tet
[311u18@311U18 git]$ umask
0022
[311u18@311U18 git]$ ls -s
–∏—Ç–æ–≥–æ 0
0 git1  0 tet
[311u18@311U18 git]$ ls -l
–∏—Ç–æ–≥–æ 0
-rw-r--r--. 1 311u18 –ø–æ–ª—å–∑–æ–≤–∞—Ç–µ–ª–∏ –¥–æ–º–µ–Ω–∞ 0 —è–Ω–≤ 30 11:55 git1
-rw-r--r--. 1 311u18 –ø–æ–ª—å–∑–æ–≤–∞—Ç–µ–ª–∏ –¥–æ–º–µ–Ω–∞ 0 —Ñ–µ–≤  6 13:23 tet
[311u18@311U18 git]$ umask 0666
[311u18@311U18 git]$ umask 
0666
[311u18@311U18 git]$ touch ses
[311u18@311U18 git]$ ls -l
–∏—Ç–æ–≥–æ 0
-rw-r--r--. 1 311u18 –ø–æ–ª—å–∑–æ–≤–∞—Ç–µ–ª–∏ –¥–æ–º–µ–Ω–∞ 0 —è–Ω–≤ 30 11:55 git1
----------. 1 311u18 –ø–æ–ª—å–∑–æ–≤–∞—Ç–µ–ª–∏ –¥–æ–º–µ–Ω–∞ 0 —Ñ–µ–≤  6 13:25 ses
-rw-r--r--. 1 311u18 –ø–æ–ª—å–∑–æ–≤–∞—Ç–µ–ª–∏ –¥–æ–º–µ–Ω–∞ 0 —Ñ–µ–≤  6 13:23 tet
[311u18@311U18 git]$ 

–°–æ–∑–¥–∞–ª –µ—â–µ –æ–¥–Ω–æ–≥–æ –ø–æ–ª—å–∑–æ–≤–∞—Ç–µ–ª—è, –ø–æ–º–µ–Ω—è–ª –µ–º—É –ø–æ—Ä–æ–ª—å –∏ –∑–∞—à–µ–ª –ø–æ–¥ –Ω–∏–º
@Jack-Had54 ‚ûú /workspaces/MDK_02.01/32/11 (main) $ whoami
codespace
@Jack-Had54 ‚ûú /workspaces/MDK_02.01/32/11 (main) $ sudo useradd -m -s /bin/bash u2
@Jack-Had54 ‚ûú /workspaces/MDK_02.01/32/11 (main) $ whoami
codespace
@Jack-Had54 ‚ûú /workspaces/MDK_02.01/32/11 (main) $ su u2
Password: 
su: Authentication failure
@Jack-Had54 ‚ûú /workspaces/MDK_02.01/32/11 (main) $ whoami
codespace
@Jack-Had54 ‚ûú /workspaces/MDK_02.01/32/11 (main) $ sudo passwd u2
New password: 
Retype new password: 
passwd: password updated successfully
@Jack-Had54 ‚ûú /workspaces/MDK_02.01/32/11 (main) $ su u2
Password: 
üëã Welcome to Codespaces! You are on our default image. 
   - It includes runtimes and tools for Python, Node.js, Docker, and more. See the full list here: https://aka.ms/ghcs-default-image
   - Want to use a custom image instead? Learn more here: https://aka.ms/configure-codespace

üîç To explore VS Code to its fullest, search using the Command Palette (Cmd/Ctrl + Shift + P or F1).

üìù Edit away, run your app as usual, and we'll automatically make it available for you to access.

rm: cannot remove '/usr/local/share/nvm/current': Permission denied
u2@codespaces-067e2b:/workspaces/MDK_02.01/32/11$ whoami
u2
u2@codespaces-067e2b:/workspaces/MDK_02.01/32/11$ 


